// Jest Snapshot v1, https://goo.gl/fbAQLP

exports[`AddEmissionScreen renders correctly 1`] = `
<GlobalizeProvider
  locale="en"
>
  <KeyboardAwareScrollView
    style={
      Object {
        "alignContent": "flex-start",
        "backgroundColor": "#FFFFFF",
        "flex": 1,
      }
    }
  >
    <View
      style={
        Object {
          "backgroundColor": "#FFFFFF",
          "flex": 1,
          "paddingHorizontal": 16,
          "paddingVertical": 12,
        }
      }
    >
      <Text.H2
        style={
          Object {
            "marginTop": 4,
            "textTransform": "capitalize",
          }
        }
      />
      <Text.Primary
        lightGray={true}
        style={
          Object {
            "marginTop": 4,
            "textTransform": "capitalize",
          }
        }
      >
        Custom
      </Text.Primary>
    </View>
    <View
      style={
        Object {
          "alignItems": "center",
          "flexDirection": "row",
          "height": 24,
          "marginVertical": 6,
        }
      }
    >
      <View
        style={
          Array [
            Object {
              "borderBottomWidth": 1,
              "height": 24,
              "transform": Array [
                Object {
                  "translateY": -12,
                },
              ],
            },
            Object {
              "borderColor": "#e8e8e8",
            },
            false,
            Object {
              "width": 20,
            },
          ]
        }
      />
      <Text
        style={
          Array [
            Object {
              "fontSize": 16,
              "fontWeight": "500",
              "paddingHorizontal": 24,
            },
            Object {
              "color": "rgba(0,0,0,.85)",
            },
          ]
        }
      >
        Customize
      </Text>
      <View
        style={
          Array [
            Object {
              "borderBottomWidth": 1,
              "height": 24,
              "transform": Array [
                Object {
                  "translateY": -12,
                },
              ],
            },
            Object {
              "borderColor": "#e8e8e8",
            },
            false,
            Object {
              "flex": 1,
            },
          ]
        }
      />
    </View>
    <TextInput
      isOptional={true}
      onChangeText={[Function]}
      placeholder="e.g burger, flight from Paris to Romeâ€¦"
      title="Name this emission "
      value=""
    />
    <Modal
      animationType="none"
      hardwareAccelerated={false}
      transparent={true}
      visible={false}
    />
    <View
      style={
        Object {
          "backgroundColor": "#FFFFFF",
          "flex": 1,
          "paddingHorizontal": 16,
          "paddingVertical": 12,
        }
      }
    >
      <Text.H3>
        Date
      </Text.H3>
      <View
        style={
          Object {
            "flexDirection": "column",
            "paddingBottom": 4,
            "paddingTop": 10,
          }
        }
      >
        <TextButton
          iconLeft="calendar"
          onPress={[Function]}
          text="Sunday 7th April 2019"
        />
      </View>
    </View>
    <View
      style={
        Object {
          "backgroundColor": "#FFFFFF",
          "flex": 1,
          "paddingHorizontal": 16,
          "paddingVertical": 12,
        }
      }
    >
      <Text.H3>
        Periodicity
      </Text.H3>
      <View
        style={
          Object {
            "flexDirection": "column",
            "paddingBottom": 4,
            "paddingTop": 10,
          }
        }
      >
        <TextButton
          iconLeft="repeat"
          onPress={[Function]}
          text="Non-recurring"
        />
      </View>
    </View>
    <Button.Primary
      onPress={[Function]}
      style={
        Object {
          "margin": 16,
        }
      }
      text="Add this emission"
    />
  </KeyboardAwareScrollView>
</GlobalizeProvider>
`;
